// Jest Snapshot v1, https://goo.gl/fbAQLP

exports[`Entry Component debe hacer match con el snapshot 1`] = `
<div class="entry-container mb-3 pointer p-2">
  <div class="entry-title d-flex"><span class="text-success fs-5 fw-bold">25</span><span class="mx-1 fs-5">Agosto</span><span class="mx-2 fs-5 fw-light">2021, Mi√©rcoles</span></div>
  <div class="entry-description">Angular</div>
</div>
`;
