// Jest Snapshot v1, https://goo.gl/fbAQLP

exports[`Entry View debe mostrar la entrada correctamente 1`] = `
<div class="entry-title d-flex justify-content-between p-2">
  <div><span class="text-success fs-3 fw-bold">25</span><span class="mx-1 fs-3">Agosto</span><span class="mx-2 fs-4 fw-light">2021, Mi√©rcoles</span></div>
  <div><input type="file" accept="image/png, image/jpeg" style="display: none;"><button data-testid="btn-delete" class="btn btn-danger mx-2"> Delete <i class="fa fa-trash-alt"></i></button><button class="btn btn-primary"> Upload Photo <i class="fa fa-upload"></i></button></div>
</div>
<hr>
<div class="d-flex flex-column px-3 h-75"><textarea placeholder="Que sucedio hoy?"></textarea></div><img src="https://res.cloudinary.com/desxpqy6n/image/upload/v1629919238/Test-1/ui2zibpqlaxujasrl2vx.png" alt="entry-picture" class="img-thumbnail">
<!--v-if-->
<fab-stub icon="fa-save"></fab-stub>
`;
