// Jest Snapshot v1, https://goo.gl/fbAQLP

exports[`Home View Debe renderizar el componente correctamente 1`] = `<div class="home"><img alt="Vue logo" src=""></div><button class="btn btn-primary">Login</button><button class="btn btn-primary">Daybook</button>`;
